Bem Vindo passageiro 1
OK!
O Passageiro 1 esta sentado na fila 2, lugar 3
Ha lugares disponiveis na fila 1, lugar 2
Bem vindo Ze Manel. O seu numero identificador eh 1 e esta sentado na fila 2, lugar 3
Ha lugares disponiveis na fila 7, lugar 8
O Passageiro 4 esta sentado na fila 5, lugar 6